[2] motifs  : Astrocyte

	Position file = /home/dh2226/scratch/homer_enrich_run/pooled/Astrocyte.fg.bed
	Genome = hg38
	Output Directory = /home/dh2226/scratch/homer_enrich_run/motifs/Astrocyte
	Using actual sizes of regions (-size given)
	Fragment size set to given
	Will use repeat masked sequences
	Using 8 CPUs
	Will not run homer for de novo motifs
	Found mset for "human", will check against vertebrates motifs
	Peak/BED file conversion summary:
		BED/Header formatted lines: 1
		peakfile formatted lines: 0

	Peak File Statistics:
		Total Peaks: 1
		Redundant Peak IDs: 0
		Peaks lacking information: 0 (need at least 5 columns per peak)
		Peaks with misformatted coordinates: 0 (should be integer)
		Peaks with misformatted strand: 0 (should be either +/- or 0/1)

	Only 1 peaks found! If many more expected, maybe the file format is for Macs only
	Try running the command: changeNewLine.pl "/home/dh2226/scratch/homer_enrich_run/motifs/Astrocyte/target.clean..pos"

	Background fragment size set to 999 (avg size of targets)
	Background files for 999 bp fragments found.
	Custom genome sequence directory: /home/dh2226/homer/.//data/genomes/hg38//

	Extracting sequences from file: /home/dh2226/homer/.//data/genomes/hg38///genome.fa
	Looking for peak sequences in a single file (/home/dh2226/homer/.//data/genomes/hg38///genome.fa)
	Extracting 1 sequences from chr4

	Not removing redundant sequences


	Sequences processed:
		Auto detected maximum sequence length of 1000 bp
		1 total

	Frequency Bins: 0.2 0.25 0.3 0.35 0.4 0.45 0.5 0.6 0.7 0.8
	Freq	Bin	Count
	0.35	3	1
	Max distance to merge: direct overlap required (-d given)
	Calculating co-bound peaks relative to reference: /home/dh2226/scratch/homer_enrich_run/preparsed/hg38r.999.pos

	Comparing peaks: (peakfile, overlapping peaks, logRatio(obs/expected), logP)
		/home/dh2226/scratch/homer_enrich_run/motifs/Astrocyte/targetgiven.pos	2	0.96	-0.95

	Co-bound by 0 peaks: 783060
	Co-bound by 1 peaks: 2 (max: 2 effective total)

	Total sequences set to 100000

	Choosing background that matches in CpG/GC content...
	Bin	# Targets	# Background	Background Weight
	3	1	91790	1.000
	Assembling sequence file...
	Normalizing lower order oligos using homer2

	Reading input files...
	91791 total sequences read
	Autonormalization: 1-mers (4 total)
		A	50.00%	33.63%	1.487
		C	50.00%	16.37%	3.055
		G	50.00%	16.37%	3.055
		T	50.00%	33.63%	1.487
	Autonormalization: 2-mers (16 total)
		AA	50.00%	12.57%	3.977
		CA	50.00%	6.49%	7.708
		GA	50.00%	5.52%	9.063
		TA	50.00%	9.07%	5.512
		AC	50.00%	4.92%	10.167
		CC	50.00%	3.16%	15.800
		GC	50.00%	2.76%	18.111
		TC	50.00%	5.52%	9.063
		AG	50.00%	6.25%	7.995
		CG	50.00%	0.45%	110.088
		GG	50.00%	3.16%	15.800
		TG	50.00%	6.49%	7.708
		AT	50.00%	9.89%	5.057
		CT	50.00%	6.25%	7.995
		GT	50.00%	4.92%	10.167
		TT	50.00%	12.57%	3.977
	Autonormalization: 3-mers (64 total)
	Normalization weights can be found in file: /home/dh2226/scratch/homer_enrich_run/motifs/Astrocyte/seq.autonorm.tsv
	Converging on autonormalization solution:
	
	Final normalization:	Autonormalization: 1-mers (4 total)
		A	50.00%	33.63%	1.487
		C	50.00%	16.37%	3.055
		G	50.00%	16.37%	3.055
		T	50.00%	33.63%	1.487
	Autonormalization: 2-mers (16 total)
		AA	50.00%	12.57%	3.976
		CA	50.00%	6.49%	7.708
		GA	50.00%	5.52%	9.064
		TA	50.00%	9.07%	5.511
		AC	50.00%	4.92%	10.168
		CC	50.00%	3.16%	15.802
		GC	50.00%	2.76%	18.115
		TC	50.00%	5.52%	9.064
		AG	50.00%	6.25%	7.995
		CG	50.00%	0.45%	110.356
		GG	50.00%	3.16%	15.802
		TG	50.00%	6.49%	7.708
		AT	50.00%	9.89%	5.056
		CT	50.00%	6.25%	7.995
		GT	50.00%	4.92%	10.168
		TT	50.00%	12.57%	3.976
	Autonormalization: 3-mers (64 total)
	Finished preparing sequence/group files

	----------------------------------------------------------
	Known motif enrichment

	Reading input files...
	91791 total sequences read
	472 motifs loaded
	Cache length = 11180
	Using binomial scoring
	Checking enrichment of 472 motif(s)
	|0%                                    50%                                  100%|
	=================================================================================
	Preparing HTML output with sequence logos...
	Skipping...
	Job finished - if results look good, please send beer to ..

	Cleaning up tmp files...

[3] annotate: Astrocyte
[2] motifs  : GABAergic_neuron

	Position file = /home/dh2226/scratch/homer_enrich_run/pooled/GABAergic_neuron.fg.bed
	Genome = hg38
	Output Directory = /home/dh2226/scratch/homer_enrich_run/motifs/GABAergic_neuron
	Using actual sizes of regions (-size given)
	Fragment size set to given
	Will use repeat masked sequences
	Using 8 CPUs
	Will not run homer for de novo motifs
	Found mset for "human", will check against vertebrates motifs
	Peak/BED file conversion summary:
		BED/Header formatted lines: 6
		peakfile formatted lines: 0

	Peak File Statistics:
		Total Peaks: 6
		Redundant Peak IDs: 0
		Peaks lacking information: 0 (need at least 5 columns per peak)
		Peaks with misformatted coordinates: 0 (should be integer)
		Peaks with misformatted strand: 0 (should be either +/- or 0/1)

	Peak file looks good!

	Background fragment size set to 2665 (avg size of targets)
	Background files for 2665 bp fragments found.
	Custom genome sequence directory: /home/dh2226/homer/.//data/genomes/hg38//

	Extracting sequences from file: /home/dh2226/homer/.//data/genomes/hg38///genome.fa
	Looking for peak sequences in a single file (/home/dh2226/homer/.//data/genomes/hg38///genome.fa)
	Extracting 6 sequences from chr4

	Not removing redundant sequences


	Sequences processed:
		Auto detected maximum sequence length of 1000 bp
		6 total

	Frequency Bins: 0.2 0.25 0.3 0.35 0.4 0.45 0.5 0.6 0.7 0.8
	Freq	Bin	Count
	0.35	3	4
	0.4	4	1
	0.45	5	1
	Max distance to merge: direct overlap required (-d given)
	Calculating co-bound peaks relative to reference: /home/dh2226/scratch/homer_enrich_run/preparsed/hg38r.2665.pos

	Comparing peaks: (peakfile, overlapping peaks, logRatio(obs/expected), logP)
		/home/dh2226/scratch/homer_enrich_run/motifs/GABAergic_neuron/targetgiven.pos	10	0.12	-0.50

	Co-bound by 0 peaks: 604064
	Co-bound by 1 peaks: 10 (max: 10 effective total)

	Total sequences set to 100000

	Choosing background that matches in CpG/GC content...
	Bin	# Targets	# Background	Background Weight
	3	4	66663	1.000
	4	1	16666	1.000
	5	1	16666	1.000
	Assembling sequence file...
	Normalizing lower order oligos using homer2

	Reading input files...
	100001 total sequences read
	Autonormalization: 1-mers (4 total)
		A	32.05%	32.39%	0.989
		C	17.95%	17.61%	1.019
		G	17.95%	17.61%	1.019
		T	32.05%	32.39%	0.989
	Autonormalization: 2-mers (16 total)
		AA	11.30%	11.69%	0.967
		CA	7.07%	6.72%	1.052
		GA	5.85%	5.72%	1.023
		TA	7.81%	8.26%	0.945
		AC	5.35%	4.96%	1.078
		CC	3.55%	3.75%	0.946
		GC	3.20%	3.17%	1.011
		TC	5.85%	5.72%	1.023
		AG	6.66%	6.58%	1.013
		CG	1.39%	0.55%	2.530
		GG	3.55%	3.75%	0.946
		TG	7.07%	6.72%	1.052
		AT	8.73%	9.16%	0.954
		CT	6.66%	6.58%	1.013
		GT	5.35%	4.96%	1.078
		TT	11.30%	11.69%	0.967
	Autonormalization: 3-mers (64 total)
	Normalization weights can be found in file: /home/dh2226/scratch/homer_enrich_run/motifs/GABAergic_neuron/seq.autonorm.tsv
	Converging on autonormalization solution:
	...............................................................................
	Final normalization:	Autonormalization: 1-mers (4 total)
		A	32.05%	32.17%	0.996
		C	17.95%	17.83%	1.007
		G	17.95%	17.83%	1.007
		T	32.05%	32.17%	0.996
	Autonormalization: 2-mers (16 total)
		AA	11.30%	11.55%	0.979
		CA	7.07%	6.76%	1.046
		GA	5.85%	5.75%	1.017
		TA	7.81%	8.11%	0.963
		AC	5.35%	4.98%	1.075
		CC	3.55%	3.85%	0.922
		GC	3.20%	3.25%	0.986
		TC	5.85%	5.75%	1.017
		AG	6.66%	6.62%	1.007
		CG	1.39%	0.59%	2.341
		GG	3.55%	3.85%	0.922
		TG	7.07%	6.76%	1.046
		AT	8.73%	9.02%	0.968
		CT	6.66%	6.62%	1.007
		GT	5.35%	4.98%	1.075
		TT	11.30%	11.55%	0.979
	Autonormalization: 3-mers (64 total)
	Finished preparing sequence/group files

	----------------------------------------------------------
	Known motif enrichment

	Reading input files...
	100001 total sequences read
	472 motifs loaded
	Cache length = 11180
	Using binomial scoring
	Checking enrichment of 472 motif(s)
	|0%                                    50%                                  100%|
	=================================================================================
	Preparing HTML output with sequence logos...
		1 of 472 (1e-2) GRE(NR),IR3/A549-GR-ChIP-Seq(GSE32465)/Homer
		2 of 472 (1e-2) EWS:FLI1-fusion(ETS)/SK_N_MC-EWS:FLI1-ChIP-Seq(SRA014231)/Homer
		3 of 472 (1e-2) Ets1-distal(ETS)/CD4+-PolII-ChIP-Seq(Barski_et_al.)/Homer
	Skipping...
	Job finished - if results look good, please send beer to ..

	Cleaning up tmp files...

[3] annotate: GABAergic_neuron
[2] motifs  : Glutamatergic_neuron

	Position file = /home/dh2226/scratch/homer_enrich_run/pooled/Glutamatergic_neuron.fg.bed
	Genome = hg38
	Output Directory = /home/dh2226/scratch/homer_enrich_run/motifs/Glutamatergic_neuron
	Using actual sizes of regions (-size given)
	Fragment size set to given
	Will use repeat masked sequences
	Using 8 CPUs
	Will not run homer for de novo motifs
	Found mset for "human", will check against vertebrates motifs
	Peak/BED file conversion summary:
		BED/Header formatted lines: 1
		peakfile formatted lines: 0

	Peak File Statistics:
		Total Peaks: 1
		Redundant Peak IDs: 0
		Peaks lacking information: 0 (need at least 5 columns per peak)
		Peaks with misformatted coordinates: 0 (should be integer)
		Peaks with misformatted strand: 0 (should be either +/- or 0/1)

	Only 1 peaks found! If many more expected, maybe the file format is for Macs only
	Try running the command: changeNewLine.pl "/home/dh2226/scratch/homer_enrich_run/motifs/Glutamatergic_neuron/target.clean..pos"

	Background fragment size set to 5999 (avg size of targets)
	Background files for 5999 bp fragments found.
	Custom genome sequence directory: /home/dh2226/homer/.//data/genomes/hg38//

	Extracting sequences from file: /home/dh2226/homer/.//data/genomes/hg38///genome.fa
	Looking for peak sequences in a single file (/home/dh2226/homer/.//data/genomes/hg38///genome.fa)
	Extracting 1 sequences from chr4

	Not removing redundant sequences


	Sequences processed:
		Auto detected maximum sequence length of 6000 bp
		1 total

	Frequency Bins: 0.2 0.25 0.3 0.35 0.4 0.45 0.5 0.6 0.7 0.8
	Freq	Bin	Count
	0.35	3	1
	Max distance to merge: direct overlap required (-d given)
	Calculating co-bound peaks relative to reference: /home/dh2226/scratch/homer_enrich_run/preparsed/hg38r.5999.pos

	Comparing peaks: (peakfile, overlapping peaks, logRatio(obs/expected), logP)
		/home/dh2226/scratch/homer_enrich_run/motifs/Glutamatergic_neuron/targetgiven.pos	2	0.24	-0.24

	Co-bound by 0 peaks: 281701
	Co-bound by 1 peaks: 2 (max: 2 effective total)

	Total sequences set to 100000

	Choosing background that matches in CpG/GC content...
	Bin	# Targets	# Background	Background Weight
	3	1	38814	1.000
	Assembling sequence file...
	Normalizing lower order oligos using homer2

	Reading input files...
	38815 total sequences read
	Autonormalization: 1-mers (4 total)
		A	50.00%	33.50%	1.492
		C	50.00%	16.50%	3.031
		G	50.00%	16.50%	3.031
		T	50.00%	33.50%	1.492
	Autonormalization: 2-mers (16 total)
		AA	50.00%	12.43%	4.022
		CA	50.00%	6.49%	7.698
		GA	50.00%	5.53%	9.046
		TA	50.00%	9.07%	5.516
		AC	50.00%	4.91%	10.177
		CC	50.00%	3.24%	15.452
		GC	50.00%	2.81%	17.772
		TC	50.00%	5.53%	9.046
		AG	50.00%	6.31%	7.929
		CG	50.00%	0.45%	110.555
		GG	50.00%	3.24%	15.452
		TG	50.00%	6.49%	7.698
		AT	50.00%	9.85%	5.075
		CT	50.00%	6.31%	7.929
		GT	50.00%	4.91%	10.177
		TT	50.00%	12.43%	4.022
	Autonormalization: 3-mers (64 total)
	Normalization weights can be found in file: /home/dh2226/scratch/homer_enrich_run/motifs/Glutamatergic_neuron/seq.autonorm.tsv
	Converging on autonormalization solution:
	
	Final normalization:	Autonormalization: 1-mers (4 total)
		A	50.00%	33.51%	1.492
		C	50.00%	16.49%	3.031
		G	50.00%	16.49%	3.031
		T	50.00%	33.51%	1.492
	Autonormalization: 2-mers (16 total)
		AA	50.00%	12.43%	4.022
		CA	50.00%	6.49%	7.699
		GA	50.00%	5.53%	9.046
		TA	50.00%	9.07%	5.515
		AC	50.00%	4.91%	10.178
		CC	50.00%	3.24%	15.454
		GC	50.00%	2.81%	17.774
		TC	50.00%	5.53%	9.046
		AG	50.00%	6.31%	7.929
		CG	50.00%	0.45%	110.631
		GG	50.00%	3.24%	15.454
		TG	50.00%	6.49%	7.699
		AT	50.00%	9.85%	5.074
		CT	50.00%	6.31%	7.929
		GT	50.00%	4.91%	10.178
		TT	50.00%	12.43%	4.022
	Autonormalization: 3-mers (64 total)
	Finished preparing sequence/group files

	----------------------------------------------------------
	Known motif enrichment

	Reading input files...
	38815 total sequences read
	472 motifs loaded
	Cache length = 11180
	Using binomial scoring
	Checking enrichment of 472 motif(s)
	|0%                                    50%                                  100%|
	=================================================================================
	Preparing HTML output with sequence logos...
	Skipping...
	Job finished - if results look good, please send beer to ..

	Cleaning up tmp files...

[3] annotate: Glutamatergic_neuron
[2] motifs  : Microglia

	Position file = /home/dh2226/scratch/homer_enrich_run/pooled/Microglia.fg.bed
	Genome = hg38
	Output Directory = /home/dh2226/scratch/homer_enrich_run/motifs/Microglia
	Using actual sizes of regions (-size given)
	Fragment size set to given
	Will use repeat masked sequences
	Using 8 CPUs
	Will not run homer for de novo motifs
	Found mset for "human", will check against vertebrates motifs
	Peak/BED file conversion summary:
		BED/Header formatted lines: 3
		peakfile formatted lines: 0

	Peak File Statistics:
		Total Peaks: 3
		Redundant Peak IDs: 0
		Peaks lacking information: 0 (need at least 5 columns per peak)
		Peaks with misformatted coordinates: 0 (should be integer)
		Peaks with misformatted strand: 0 (should be either +/- or 0/1)

	Peak file looks good!

	Background fragment size set to 1999 (avg size of targets)
	Background files for 1999 bp fragments found.
	Custom genome sequence directory: /home/dh2226/homer/.//data/genomes/hg38//

	Extracting sequences from file: /home/dh2226/homer/.//data/genomes/hg38///genome.fa
	Looking for peak sequences in a single file (/home/dh2226/homer/.//data/genomes/hg38///genome.fa)
	Extracting 3 sequences from chr4


!!!!!!!!!!!!!!!!!!!!!!!!!!!!!!!!!!!!!!!!!!!!!!!!!!!!!!!!!!!!!
	Potential Problem with Sequences (ignore if preparsing genome):
		2 of 3 removed because they had >70.00% Ns (i.e. masked repeats)
	Due to 	high repeat content, consider using a non-repeat masked genome


!!!!!!!!!!!!!!!!!!!!!!!!!!!!!!!!!!!!!!!!!!!!!!!!!!!!!!!!!!!!!

	Not removing redundant sequences


	Sequences processed:
		Auto detected maximum sequence length of 2000 bp
		1 total

	Frequency Bins: 0.2 0.25 0.3 0.35 0.4 0.45 0.5 0.6 0.7 0.8
	Freq	Bin	Count
	0.35	3	1
	Max distance to merge: direct overlap required (-d given)
	Calculating co-bound peaks relative to reference: /home/dh2226/scratch/homer_enrich_run/preparsed/hg38r.1999.pos

	Comparing peaks: (peakfile, overlapping peaks, logRatio(obs/expected), logP)
		/home/dh2226/scratch/homer_enrich_run/motifs/Microglia/targetgiven.pos	6	0.33	-0.99

	Co-bound by 0 peaks: 737561
	Co-bound by 1 peaks: 6 (max: 6 effective total)

	Total sequences set to 100000

	Choosing background that matches in CpG/GC content...
	Bin	# Targets	# Background	Background Weight
	3	1	97728	1.000
	Assembling sequence file...
	Normalizing lower order oligos using homer2

	Reading input files...
	97729 total sequences read
	Autonormalization: 1-mers (4 total)
		A	50.00%	33.58%	1.489
		C	50.00%	16.42%	3.045
		G	50.00%	16.42%	3.045
		T	50.00%	33.58%	1.489
	Autonormalization: 2-mers (16 total)
		AA	50.00%	12.52%	3.994
		CA	50.00%	6.49%	7.706
		GA	50.00%	5.52%	9.061
		TA	50.00%	9.07%	5.511
		AC	50.00%	4.92%	10.172
		CC	50.00%	3.20%	15.648
		GC	50.00%	2.78%	17.971
		TC	50.00%	5.52%	9.061
		AG	50.00%	6.28%	7.968
		CG	50.00%	0.45%	110.671
		GG	50.00%	3.20%	15.648
		TG	50.00%	6.49%	7.706
		AT	50.00%	9.87%	5.064
		CT	50.00%	6.28%	7.968
		GT	50.00%	4.92%	10.172
		TT	50.00%	12.52%	3.994
	Autonormalization: 3-mers (64 total)
	Normalization weights can be found in file: /home/dh2226/scratch/homer_enrich_run/motifs/Microglia/seq.autonorm.tsv
	Converging on autonormalization solution:
	
	Final normalization:	Autonormalization: 1-mers (4 total)
		A	50.00%	33.58%	1.489
		C	50.00%	16.42%	3.046
		G	50.00%	16.42%	3.046
		T	50.00%	33.58%	1.489
	Autonormalization: 2-mers (16 total)
		AA	50.00%	12.52%	3.994
		CA	50.00%	6.49%	7.706
		GA	50.00%	5.52%	9.061
		TA	50.00%	9.07%	5.510
		AC	50.00%	4.92%	10.172
		CC	50.00%	3.19%	15.651
		GC	50.00%	2.78%	17.974
		TC	50.00%	5.52%	9.061
		AG	50.00%	6.28%	7.968
		CG	50.00%	0.45%	110.831
		GG	50.00%	3.19%	15.651
		TG	50.00%	6.49%	7.706
		AT	50.00%	9.87%	5.064
		CT	50.00%	6.28%	7.968
		GT	50.00%	4.92%	10.172
		TT	50.00%	12.52%	3.994
	Autonormalization: 3-mers (64 total)
	Finished preparing sequence/group files

	----------------------------------------------------------
	Known motif enrichment

	Reading input files...
	97729 total sequences read
	472 motifs loaded
	Cache length = 11180
	Using binomial scoring
	Checking enrichment of 472 motif(s)
	|0%                                    50%                                  100%|
	=================================================================================
	Preparing HTML output with sequence logos...
	Skipping...
	Job finished - if results look good, please send beer to ..

	Cleaning up tmp files...

[3] annotate: Microglia
  skip OPC: empty foreground
  skip Oligodendrocyte: empty foreground
[2] motifs  : Vascular

	Position file = /home/dh2226/scratch/homer_enrich_run/pooled/Vascular.fg.bed
	Genome = hg38
	Output Directory = /home/dh2226/scratch/homer_enrich_run/motifs/Vascular
	Using actual sizes of regions (-size given)
	Fragment size set to given
	Will use repeat masked sequences
	Using 8 CPUs
	Will not run homer for de novo motifs
	Found mset for "human", will check against vertebrates motifs
	Peak/BED file conversion summary:
		BED/Header formatted lines: 2
		peakfile formatted lines: 0

	Peak File Statistics:
		Total Peaks: 2
		Redundant Peak IDs: 0
		Peaks lacking information: 0 (need at least 5 columns per peak)
		Peaks with misformatted coordinates: 0 (should be integer)
		Peaks with misformatted strand: 0 (should be either +/- or 0/1)

	Peak file looks good!

	Background fragment size set to 2999 (avg size of targets)
	Could not find background files for 2999 bp fragments
	Below are the sizes that are already available prepared.
		999
		1999
		2665
		5999
	HOMER will now create background files for 2999 bp fragments
	To CANCEL and rerun with a differet "-size <#>", hit <CTRL+C> now!
		5
		4
		3
		2
		1
	Preparsing genome for 2999 bp fragments...(will probably take 1-5 min)
	preparse size set to 2999

	By default, using /home/dh2226/homer/.//data/genomes/hg38//hg38.tss for reference positions
	Output files will be placed in /home/dh2226/scratch/homer_enrich_run/preparsed/hg38r.2999.* ...
	By default, HOMER will set the the preparsed Directory to be group read/write
	Extracting sequences
	Custom genome sequence directory: /home/dh2226/homer/.//data/genomes/hg38//

	Extracting sequences from file: /home/dh2226/homer/.//data/genomes/hg38///genome.fa
	Looking for peak sequences in a single file (/home/dh2226/homer/.//data/genomes/hg38///genome.fa)
	Extracting 46393 sequences from chr1
	Extracting 22962 sequences from chr10
	Extracting 24866 sequences from chr11
	Extracting 34 sequences from chr11_KI270721v1_random
	Extracting 24302 sequences from chr12
	Extracting 13811 sequences from chr13
	Extracting 14630 sequences from chr14
	Extracting 33 sequences from chr14_GL000194v1_random
	Extracting 17117 sequences from chr15
	Extracting 69 sequences from chr15_KI270727v1_random
	Extracting 15492 sequences from chr16
	Extracting 113 sequences from chr16_KI270728v1_random
	Extracting 19774 sequences from chr17
	Extracting 33 sequences from chr17_GL000205v2_random
	Extracting 10734 sequences from chr18
	Extracting 16879 sequences from chr19
	Extracting 26 sequences from chr1_KI270713v1_random
	Extracting 20 sequences from chr1_KI270714v1_random
	Extracting 37146 sequences from chr2
	Extracting 12534 sequences from chr20
	Extracting 7425 sequences from chr21
	Extracting 9174 sequences from chr22
	Extracting 54 sequences from chr22_KI270731v1_random
	Extracting 57 sequences from chr22_KI270733v1_random
	Extracting 64 sequences from chr22_KI270734v1_random
	Extracting 31795 sequences from chr3
	Extracting 25357 sequences from chr4
	Extracting 33 sequences from chr4_GL000008v2_random
	Extracting 26651 sequences from chr5
	Extracting 26747 sequences from chr6
	Extracting 25504 sequences from chr7
	Extracting 21219 sequences from chr8
	Extracting 20246 sequences from chr9
	Extracting 114 sequences from chr1_KI270762v1_alt
	Extracting 108 sequences from chr1_KI270766v1_alt
	Extracting 68 sequences from chr1_KI270765v1_alt
	Extracting 64 sequences from chr1_GL383518v1_alt
	Extracting 52 sequences from chr1_GL383519v1_alt
	Extracting 68 sequences from chr1_GL383520v2_alt
	Extracting 138 sequences from chr1_KI270763v1_alt
	Extracting 33 sequences from chr1_KI270759v1_alt
	Extracting 64 sequences from chr1_KI270761v1_alt
	Extracting 48 sequences from chr2_KI270770v1_alt
	Extracting 18 sequences from chr2_KI270773v1_alt
	Extracting 35 sequences from chr2_KI270774v1_alt
	Extracting 53 sequences from chr2_KI270769v1_alt
	Extracting 19 sequences from chr2_GL383521v1_alt
	Extracting 52 sequences from chr2_KI270768v1_alt
	Extracting 21 sequences from chr2_GL582966v2_alt
	Extracting 56 sequences from chr2_GL383522v1_alt
	Extracting 52 sequences from chr2_KI270776v1_alt
	Extracting 60 sequences from chr2_KI270767v1_alt
	Extracting 33 sequences from chr3_JH636055v2_alt
	Extracting 33 sequences from chr3_KI270783v1_alt
	Extracting 66 sequences from chr3_KI270780v1_alt
	Extracting 70 sequences from chr3_GL383526v1_alt
	Extracting 51 sequences from chr3_KI270777v1_alt
	Extracting 33 sequences from chr3_KI270781v1_alt
	Extracting 81 sequences from chr3_KI270779v1_alt
	Extracting 33 sequences from chr3_KI270782v1_alt
	Extracting 56 sequences from chr3_KI270784v1_alt
	Extracting 33 sequences from chr4_KI270790v1_alt
	Extracting 182 sequences from chr4_GL000257v2_alt
	Extracting 57 sequences from chr4_GL383527v1_alt
	Extracting 33 sequences from chr4_KI270789v1_alt
	Extracting 38 sequences from chr4_KI270786v1_alt
	Extracting 48 sequences from chr5_KI270793v1_alt
	Extracting 60 sequences from chr5_KI270792v1_alt
	Extracting 72 sequences from chr5_KI270791v1_alt
	Extracting 55 sequences from chr5_GL949742v1_alt
	Extracting 55 sequences from chr5_KI270794v1_alt
	Extracting 478 sequences from chr5_GL339449v2_alt
	Extracting 32 sequences from chr5_KI270796v1_alt
	Extracting 60 sequences from chr5_KI270795v1_alt
	Extracting 1118 sequences from chr6_GL000250v2_alt
	Extracting 21 sequences from chr6_KI270800v1_alt
	Extracting 33 sequences from chr6_KI270799v1_alt
	Extracting 119 sequences from chr6_KI270801v1_alt
	Extracting 22 sequences from chr6_KI270802v1_alt
	Extracting 42 sequences from chr6_KI270797v1_alt
	Extracting 36 sequences from chr6_KI270798v1_alt
	Extracting 48 sequences from chr7_KI270804v1_alt
	Extracting 54 sequences from chr7_KI270809v1_alt
	Extracting 70 sequences from chr7_KI270806v1_alt
	Extracting 57 sequences from chr7_GL383534v2_alt
	Extracting 290 sequences from chr7_KI270803v1_alt
	Extracting 17 sequences from chr7_KI270808v1_alt
	Extracting 24 sequences from chr8_KI270818v1_alt
	Extracting 33 sequences from chr8_KI270812v1_alt
	Extracting 57 sequences from chr8_KI270811v1_alt
	Extracting 155 sequences from chr8_KI270821v1_alt
	Extracting 125 sequences from chr8_KI270813v1_alt
	Extracting 125 sequences from chr8_KI270822v1_alt
	Extracting 55 sequences from chr8_KI270814v1_alt
	Extracting 20 sequences from chr8_KI270810v1_alt
	Extracting 57 sequences from chr8_KI270819v1_alt
	Extracting 24 sequences from chr8_KI270820v1_alt
	Extracting 73 sequences from chr8_KI270817v1_alt
	Extracting 128 sequences from chr8_KI270816v1_alt
	Extracting 33 sequences from chr8_KI270815v1_alt
	Extracting 33 sequences from chr9_GL383540v1_alt
	Extracting 57 sequences from chr9_GL383541v1_alt
	Extracting 100 sequences from chr9_KI270823v1_alt
	Extracting 51 sequences from chr10_GL383545v1_alt
	Extracting 89 sequences from chr10_GL383546v1_alt
	Extracting 34 sequences from chr10_KI270825v1_alt
	Extracting 92 sequences from chr11_KI270832v1_alt
	Extracting 76 sequences from chr11_KI270830v1_alt
	Extracting 118 sequences from chr11_KI270831v1_alt
	Extracting 80 sequences from chr11_KI270829v1_alt
	Extracting 80 sequences from chr11_JH159136v1_alt
	Extracting 39 sequences from chr11_JH159137v1_alt
	Extracting 19 sequences from chr11_KI270827v1_alt
	Extracting 71 sequences from chr12_GL877875v1_alt
	Extracting 155 sequences from chr12_GL877876v1_alt
	Extracting 23 sequences from chr12_KI270837v1_alt
	Extracting 68 sequences from chr12_KI270835v1_alt
	Extracting 52 sequences from chr12_GL383550v2_alt
	Extracting 67 sequences from chr12_GL383553v2_alt
	Extracting 55 sequences from chr12_KI270834v1_alt
	Extracting 33 sequences from chr12_GL383551v1_alt
	Extracting 21 sequences from chr12_KI270833v1_alt
	Extracting 63 sequences from chr13_KI270840v1_alt
	Extracting 108 sequences from chr13_KI270838v1_alt
	Extracting 25 sequences from chr13_KI270842v1_alt
	Extracting 67 sequences from chr14_KI270844v1_alt
	Extracting 417 sequences from chr14_KI270847v1_alt
	Extracting 42 sequences from chr14_KI270845v1_alt
	Extracting 238 sequences from chr14_KI270846v1_alt
	Extracting 158 sequences from chr15_KI270852v1_alt
	Extracting 95 sequences from chr15_KI270851v1_alt
	Extracting 124 sequences from chr15_KI270848v1_alt
	Extracting 122 sequences from chr15_GL383554v1_alt
	Extracting 71 sequences from chr15_KI270849v1_alt
	Extracting 66 sequences from chr15_GL383555v2_alt
	Extracting 165 sequences from chr15_KI270850v1_alt
	Extracting 60 sequences from chr16_KI270854v1_alt
	Extracting 31 sequences from chr16_KI270856v1_alt
	Extracting 101 sequences from chr16_KI270855v1_alt
	Extracting 535 sequences from chr16_KI270853v1_alt
	Extracting 75 sequences from chr16_GL383556v1_alt
	Extracting 33 sequences from chr16_GL383557v1_alt
	Extracting 90 sequences from chr17_GL383563v3_alt
	Extracting 145 sequences from chr17_KI270862v1_alt
	Extracting 74 sequences from chr17_KI270861v1_alt
	Extracting 849 sequences from chr17_KI270857v1_alt
	Extracting 114 sequences from chr17_JH159146v1_alt
	Extracting 39 sequences from chr17_JH159147v1_alt
	Extracting 61 sequences from chr17_GL383564v2_alt
	Extracting 452 sequences from chr17_GL000258v2_alt
	Extracting 33 sequences from chr17_GL383566v1_alt
	Extracting 78 sequences from chr17_KI270860v1_alt
	Extracting 33 sequences from chr18_GL383567v1_alt
	Extracting 33 sequences from chr18_GL383571v1_alt
	Extracting 32 sequences from chr18_GL383572v1_alt
	Extracting 57 sequences from chr18_KI270863v1_alt
	Extracting 37 sequences from chr19_KI270868v1_alt
	Extracting 34 sequences from chr19_KI270865v1_alt
	Extracting 67 sequences from chr19_GL383573v1_alt
	Extracting 68 sequences from chr19_GL383575v2_alt
	Extracting 33 sequences from chr19_GL383576v1_alt
	Extracting 23 sequences from chr19_GL383574v1_alt
	Extracting 22 sequences from chr19_KI270866v1_alt
	Extracting 81 sequences from chr19_KI270867v1_alt
	Extracting 368 sequences from chr19_GL949746v1_alt
	Extracting 57 sequences from chr20_KI270869v1_alt
	Extracting 28 sequences from chr20_KI270871v1_alt
	Extracting 75 sequences from chr20_KI270870v1_alt
	Extracting 20 sequences from chr21_KI270873v1_alt
	Extracting 19 sequences from chr21_GL383579v2_alt
	Extracting 31 sequences from chr21_GL383580v2_alt
	Extracting 57 sequences from chr21_GL383581v2_alt
	Extracting 44 sequences from chr21_KI270872v1_alt
	Extracting 52 sequences from chr22_KI270875v1_alt
	Extracting 61 sequences from chr22_KI270878v1_alt
	Extracting 121 sequences from chr22_KI270879v1_alt
	Extracting 93 sequences from chr22_KI270876v1_alt
	Extracting 48 sequences from chr22_KI270877v1_alt
	Extracting 36 sequences from chr22_GL383583v2_alt
	Extracting 60 sequences from chr22_GL383582v2_alt
	Extracting 39 sequences from chrX_KI270880v1_alt
	Extracting 37 sequences from chrX_KI270881v1_alt
	Extracting 108 sequences from chr19_KI270882v1_alt
	Extracting 83 sequences from chr19_KI270883v1_alt
	Extracting 76 sequences from chr19_KI270884v1_alt
	Extracting 81 sequences from chr19_KI270885v1_alt
	Extracting 92 sequences from chr19_KI270886v1_alt
	Extracting 94 sequences from chr19_KI270887v1_alt
	Extracting 76 sequences from chr19_KI270888v1_alt
	Extracting 82 sequences from chr19_KI270889v1_alt
	Extracting 82 sequences from chr19_KI270890v1_alt
	Extracting 82 sequences from chr19_KI270891v1_alt
	Extracting 62 sequences from chr1_KI270892v1_alt
	Extracting 60 sequences from chr2_KI270893v1_alt
	Extracting 64 sequences from chr3_KI270895v1_alt
	Extracting 81 sequences from chr4_KI270896v1_alt
	Extracting 329 sequences from chr5_KI270897v1_alt
	Extracting 60 sequences from chr5_KI270898v1_alt
	Extracting 1636 sequences from chr6_GL000251v2_alt
	Extracting 48 sequences from chr7_KI270899v1_alt
	Extracting 66 sequences from chr8_KI270900v1_alt
	Extracting 53 sequences from chr11_KI270902v1_alt
	Extracting 90 sequences from chr11_KI270903v1_alt
	Extracting 202 sequences from chr12_KI270904v1_alt
	Extracting 64 sequences from chr15_KI270906v1_alt
	Extracting 1141 sequences from chr15_KI270905v1_alt
	Extracting 40 sequences from chr17_KI270907v1_alt
	Extracting 66 sequences from chr17_KI270910v1_alt
	Extracting 141 sequences from chr17_KI270909v1_alt
	Extracting 38 sequences from chr17_JH159148v1_alt
	Extracting 370 sequences from chr17_KI270908v1_alt
	Extracting 32 sequences from chr18_KI270911v1_alt
	Extracting 279 sequences from chr19_GL949747v2_alt
	Extracting 44 sequences from chr22_KB663609v1_alt
	Extracting 33 sequences from chrX_KI270913v1_alt
	Extracting 93 sequences from chr19_KI270914v1_alt
	Extracting 81 sequences from chr19_KI270915v1_alt
	Extracting 83 sequences from chr19_KI270916v1_alt
	Extracting 90 sequences from chr19_KI270917v1_alt
	Extracting 67 sequences from chr19_KI270918v1_alt
	Extracting 82 sequences from chr19_KI270919v1_alt
	Extracting 93 sequences from chr19_KI270920v1_alt
	Extracting 117 sequences from chr19_KI270921v1_alt
	Extracting 90 sequences from chr19_KI270922v1_alt
	Extracting 87 sequences from chr19_KI270923v1_alt
	Extracting 66 sequences from chr3_KI270924v1_alt
	Extracting 71 sequences from chr4_KI270925v1_alt
	Extracting 1538 sequences from chr6_GL000252v2_alt
	Extracting 77 sequences from chr8_KI270926v1_alt
	Extracting 67 sequences from chr11_KI270927v1_alt
	Extracting 245 sequences from chr19_GL949748v2_alt
	Extracting 66 sequences from chr22_KI270928v1_alt
	Extracting 88 sequences from chr19_KI270929v1_alt
	Extracting 90 sequences from chr19_KI270930v1_alt
	Extracting 83 sequences from chr19_KI270931v1_alt
	Extracting 95 sequences from chr19_KI270932v1_alt
	Extracting 82 sequences from chr19_KI270933v1_alt
	Extracting 80 sequences from chr19_GL000209v2_alt
	Extracting 64 sequences from chr3_KI270934v1_alt
	Extracting 1524 sequences from chr6_GL000253v2_alt
	Extracting 226 sequences from chr19_GL949749v2_alt
	Extracting 79 sequences from chr3_KI270935v1_alt
	Extracting 1521 sequences from chr6_GL000254v2_alt
	Extracting 207 sequences from chr19_GL949750v2_alt
	Extracting 64 sequences from chr3_KI270936v1_alt
	Extracting 1532 sequences from chr6_GL000255v2_alt
	Extracting 232 sequences from chr19_GL949751v2_alt
	Extracting 64 sequences from chr3_KI270937v1_alt
	Extracting 1596 sequences from chr6_GL000256v2_alt
	Extracting 368 sequences from chr19_GL949752v1_alt
	Extracting 38 sequences from chr6_KI270758v1_alt
	Extracting 296 sequences from chr19_GL949753v2_alt
	Extracting 403 sequences from chr19_KI270938v1_alt
	Extracting 19 sequences from chrM
	Extracting 33 sequences from chrUn_GL000195v1
	Extracting 33 sequences from chrUn_GL000219v1
	Extracting 59 sequences from chrUn_GL000220v1
	Extracting 33 sequences from chrUn_GL000224v1
	Extracting 31 sequences from chrUn_KI270741v1
	Extracting 63 sequences from chrUn_GL000213v1
	Extracting 33 sequences from chrUn_KI270753v1
	Extracting 48 sequences from chrUn_GL000218v1
	Extracting 22497 sequences from chrX
	Extracting 3020 sequences from chrY


!!!!!!!!!!!!!!!!!!!!!!!!!!!!!!!!!!!!!!!!!!!!!!!!!!!!!!!!!!!!!
	Potential Problem with Sequences (ignore if preparsing genome):
		132138 of 525938 removed because they had >70.00% Ns (i.e. masked repeats)
	Due to 	high repeat content, consider using a non-repeat masked genome


!!!!!!!!!!!!!!!!!!!!!!!!!!!!!!!!!!!!!!!!!!!!!!!!!!!!!!!!!!!!!

	Sequences processed:
		Auto detected maximum sequence length of 2999 bp
		100000
		200000
		300000
		393800 total

	Frequency Bins: 0.01 0.02 0.03 0.04 0.05 0.06 0.08 0.1 0.12 0.14 0.16
	Freq	Bin	Count
	0.01	0	244607
	0.02	1	82091
	0.03	2	26921
	0.04	3	14471
	0.05	4	9943
	0.06	5	6966
	0.08	6	6784
	0.1	7	1658
	0.12	8	264
	0.14	9	39
	0.16	10	13
	11	11	43
	Frequency Bins: 0.2 0.25 0.3 0.35 0.4 0.45 0.5 0.6 0.7 0.8
	Freq	Bin	Count
	0.2	0	30
	0.25	1	98
	0.3	2	9255
	0.35	3	73776
	0.4	4	95025
	0.45	5	69188
	0.5	6	51121
	0.6	7	74959
	0.7	8	19915
	0.8	9	415
	10	10	18

	Custom genome sequence directory: /home/dh2226/homer/.//data/genomes/hg38//

	Extracting sequences from file: /home/dh2226/homer/.//data/genomes/hg38///genome.fa
	Looking for peak sequences in a single file (/home/dh2226/homer/.//data/genomes/hg38///genome.fa)
	Extracting 2 sequences from chr4

	Not removing redundant sequences


	Sequences processed:
		Auto detected maximum sequence length of 4000 bp
		2 total

	Frequency Bins: 0.2 0.25 0.3 0.35 0.4 0.45 0.5 0.6 0.7 0.8
	Freq	Bin	Count
	0.35	3	1
	0.4	4	1
	Max distance to merge: direct overlap required (-d given)
	Calculating co-bound peaks relative to reference: /home/dh2226/scratch/homer_enrich_run/preparsed/hg38r.2999.pos

	Comparing peaks: (peakfile, overlapping peaks, logRatio(obs/expected), logP)
		/home/dh2226/scratch/homer_enrich_run/motifs/Vascular/targetgiven.pos	2	-0.85	3.03

	Co-bound by 0 peaks: 539455
	Co-bound by 1 peaks: 2 (max: 2 effective total)

	Total sequences set to 100000

	Choosing background that matches in CpG/GC content...
	Bin	# Targets	# Background	Background Weight
	3	1	49999	1.000
	4	1	49999	1.000
	Assembling sequence file...
	Normalizing lower order oligos using homer2

	Reading input files...
	100000 total sequences read
	Autonormalization: 1-mers (4 total)
		A	32.67%	32.42%	1.008
		C	17.33%	17.58%	0.986
		G	17.33%	17.58%	0.986
		T	32.67%	32.42%	1.008
	Autonormalization: 2-mers (16 total)
		AA	12.50%	11.70%	1.068
		CA	12.50%	6.73%	1.857
		GA	12.50%	5.74%	2.177
		TA	12.50%	8.26%	1.513
		AC	12.50%	4.97%	2.515
		CC	12.50%	3.72%	3.360
		GC	12.50%	3.14%	3.980
		TC	12.50%	5.74%	2.177
		AG	12.50%	6.59%	1.896
		CG	12.50%	0.53%	23.686
		GG	12.50%	3.72%	3.360
		TG	12.50%	6.73%	1.857
		AT	12.50%	9.16%	1.365
		CT	12.50%	6.59%	1.896
		GT	12.50%	4.97%	2.515
		TT	12.50%	11.70%	1.068
	Autonormalization: 3-mers (64 total)
	Normalization weights can be found in file: /home/dh2226/scratch/homer_enrich_run/motifs/Vascular/seq.autonorm.tsv
	Converging on autonormalization solution:
	
	Final normalization:	Autonormalization: 1-mers (4 total)
		A	32.67%	32.43%	1.008
		C	17.33%	17.57%	0.986
		G	17.33%	17.57%	0.986
		T	32.67%	32.43%	1.008
	Autonormalization: 2-mers (16 total)
		AA	12.50%	11.70%	1.068
		CA	12.50%	6.73%	1.858
		GA	12.50%	5.74%	2.178
		TA	12.50%	8.27%	1.512
		AC	12.50%	4.97%	2.515
		CC	12.50%	3.72%	3.363
		GC	12.50%	3.14%	3.983
		TC	12.50%	5.74%	2.178
		AG	12.50%	6.59%	1.896
		CG	12.50%	0.53%	23.742
		GG	12.50%	3.72%	3.363
		TG	12.50%	6.73%	1.858
		AT	12.50%	9.16%	1.364
		CT	12.50%	6.59%	1.896
		GT	12.50%	4.97%	2.515
		TT	12.50%	11.70%	1.068
	Autonormalization: 3-mers (64 total)
	Finished preparing sequence/group files

	----------------------------------------------------------
	Known motif enrichment

	Reading input files...
	100000 total sequences read
	472 motifs loaded
	Cache length = 11180
	Using binomial scoring
	Checking enrichment of 472 motif(s)
	|0%                                    50%                                  100%|
	=================================================================================
	Preparing HTML output with sequence logos...
	Skipping...
	Job finished - if results look good, please send beer to ..

	Cleaning up tmp files...

[3] annotate: Vascular
